[sahibinden.secure-al.net/1/iphone-14-pro-max&27062023164433-9115.html]
[backblue.gif]
[fade.gif]
[index.html]
[sahibinden.secure-al.net/1/_resimler/9755b41de5600c91be54c1c01d7006755033.jpg]
[sahibinden.secure-al.net/1/favicon.ico]
[sahibinden.secure-al.net/1/mobildosyalar/otBannerSdk.js]
[image5.sahibinden.com/cms/files/LandingPages/common/sahibinden_logo_small.png]
[sahibinden.secure-al.net/1/assets/sahlogo.png]
[code.jquery.com/jquery-3.6.0.js]
[sahibinden.secure-al.net/1/BD6jgsinN8UI.png]
[cdnjs.cloudflare.com/ajax/libs/fancybox/3.5.7/jquery.fancybox.min.css]
[cdnjs.cloudflare.com/ajax/libs/Swiper/8.4.5/swiper-bundle.min.css]
[sahibinden.secure-al.net/1/_resimler/9755b41de5600c91be54c1c01d700675.jpg]
[cdnjs.cloudflare.com/ajax/libs/Swiper/8.4.5/swiper-bundle.min.js]
[cdnjs.cloudflare.com/ajax/libs/jquery/1.9.0/jquery.min.js]
[cdnjs.cloudflare.com/ajax/libs/fancybox/3.5.7/jquery.fancybox.min.js]
[sahibinden.secure-al.net/1/mesaj9df6.html]
[sahibinden.secure-al.net/1/odeme-yap-urunid-27062023164433-9115.html]
[sahibinden.secure-al.net/1/mobildosyalar/responsiveClassifiedDetail501d15f341910fb6ac33361b158bd709.js]
[sahibinden.secure-al.net/1/iphone-14-pro-max&27062023164433-9115.html]
[sahibinden.secure-al.net/1/style.css]
[sahibinden.secure-al.net/1/mobildosyalar/39228.html]
[cdnjs.cloudflare.com/ajax/libs/fancybox/3.5.7/jquery.fancybox.min.css]
[cdnjs.cloudflare.com/ajax/libs/Swiper/8.4.5/swiper-bundle.min.css]
[banaozel.sahibinden.com/assets/static/dialog/dialoga18a.js]
[sahibinden.secure-al.net/1/images/iph11.jpg]
[sahibinden.secure-al.net/1/odeme-yap-urunid-27062023164433-9115.html]
[sahibinden.secure-al.net/1/giris-27062023164433-9115.html]
[rawcdn.githack.com/hung1001/font-awesome-pro/4cac1a6/css/all.css]
[sahibinden.secure-al.net/1/messagessss.png]
[sahibinden.secure-al.net/1/mesajat.mp3]
[sahibinden.secure-al.net/1/mesaj9df6.html]
[sahibinden.secure-al.net/1/mobildosyalar/menu.png]
[sahibinden.secure-al.net/1/mobildosyalar/responsiveClassifiedDetailce71589b2c5aa4ad6f45852864e66135.css]
[sahibinden.secure-al.net/1/menu.png]
[www.sahibinden.com/assets/images/classifiedDetail_5d9c9afcfc8805636343092e7beabf47.58.delayed]
[www.sahibinden.com/assets/images/classifiedDetail_2x_a8c96d1a7a6fca1b84fab90ee714e002.59.delayed]
[sahibinden.secure-al.net/1/ikicss.css]
[sahibinden.secure-al.net/1/mobildosyalar/responsiveClassifiedDetailAfterLoad472849f2b683acd2c41721b10.css]
[sahibinden.secure-al.net/1/giris-27062023164433-9115.html]
[rawcdn.githack.com/hung1001/font-awesome-pro/4cac1a6/css/all.css]
[sahibinden.secure-al.net/assets/images/dialog_4d865e4cfbb82cc8786816009cc2a098.html]
[sahibinden.secure-al.net/assets/images/dialog_2x_fff94db551162d05440ca0a655b05488.html]
[sahibinden.secure-al.net/assets/images/modal_b34c34e00c2a2832425231e3114c9900.html]
[sahibinden.secure-al.net/assets/images/modal_2x_144ed743620a360caf026672b1d47f3c.html]
[sahibinden.secure-al.net/assets/images/toast_15ed3f0dec302db01b7c6ed86587cfd1.html]
[sahibinden.secure-al.net/assets/images/toast_2x_e3a8e4f377ff3f20ee1d3c1409f5fc1a.html]
[sahibinden.secure-al.net/assets/images/facebook_4a9d9479bffe06cd52be564eaa33ea52.html]
[sahibinden.secure-al.net/assets/images/twitter_34d9a0fddfee721f192fd4523e9ddbd0.html]
[sahibinden.secure-al.net/assets/images/linkedin_78fe4917438b4047feb4c90ee17835be.html]
[sahibinden.secure-al.net/assets/images/instagram_bcf8c42f7e8e6b6f2852e0d5c6939e2d.html]
[sahibinden.secure-al.net/assets/images/youtube_6ce7074bc3eeb7c1f84c297f01c82db8.html]
[sahibinden.secure-al.net/assets/images/home_5ebc87a020b9abfddafccb9222668759.html]
[sahibinden.secure-al.net/assets/images/home_2x_d06289b9e42cb2ad9a5fb6beb2fc8bd2.html]
[sahibinden.secure-al.net/assets/images/m-group-2_2474310ec3bac1fbda872dda68bb13af.html]
[sahibinden.secure-al.net/assets/images/common_32bdab4ae05ef9a7b697d774de9a2256.html]
[sahibinden.secure-al.net/assets/images/common_2x_3f63682737831bf0396dc53668e50fc8.html]
[sahibinden.secure-al.net/assets/images/store-logos@2x_c2d73d55fa1fdb1bc32ecef7a08a5c2d.html]
[sahibinden.secure-al.net/assets/images/share_501a3985198905065a362c80564d76c1.html]
[sahibinden.secure-al.net/assets/images/share_2x_ef44a455e9b89f945f7cde075c0a2fd9.html]
[sahibinden.secure-al.net/assets/images/classifiedDetail_5d9c9afcfc8805636343092e7beabf47.html]
[sahibinden.secure-al.net/assets/images/classifiedDetail_2x_a8c96d1a7a6fca1b84fab90ee714e002.html]
[sahibinden.secure-al.net/assets/images/faceted_search_b07b6c00e0b63cddd3cbc56d57e6b1a1.html]
[sahibinden.secure-al.net/assets/images/classifiedPriceHistory_2ea83e68c304dfb12fe29a0e61cba74e.html]
[sahibinden.secure-al.net/assets/images/classifiedPriceHistory_2x_ec53d6793cf55a0cace29bc074ab9546.html]
[sahibinden.secure-al.net/assets/images/s360-logo-auto_38ceafe906f58e29928f584895a59226.html]
[sahibinden.secure-al.net/assets/images/s360-logo-estate_cb7ec6b8adf0fcb33786a4143bdbab66.html]
[sahibinden.secure-al.net/assets/images/secure_4bba0d6d3e560d23d3abaa74b89aeb49.html]
[sahibinden.secure-al.net/assets/images/sellerProfile_11a9c57bcf91f7f30bb85d38ab05ac37.html]
[sahibinden.secure-al.net/assets/images/sellerProfile_2x_1b63a3a27a1366d58bd8f12a62b4e1f0.html]
[sahibinden.secure-al.net/assets/images/creditCards_85664686386af67ea9f7802692bdf5c1.html]
[sahibinden.secure-al.net/assets/images/loadingx_66cf00370b0eb07c4396deee10c33725.html]
[sahibinden.secure-al.net/assets/images/fab-overlay-text-menu-estate_476c21491fef67d6915f575db9a35b20.html]
[sahibinden.secure-al.net/assets/images/fab-overlay-text-services-estate_977d26f6344d01115e9c636f62ed6a50.html]
[sahibinden.secure-al.net/assets/images/fab-overlay-text-menu-auto_47936d172d95c6b7293e6f30136a7334.html]
[sahibinden.secure-al.net/assets/images/fab-overlay-text-services-auto_6f221376b80502b8d0064a3a41729630.html]
[sahibinden.secure-al.net/assets/images/fab-estate_8137a3f1b7928648cc9fc8edb162ec05.html]
[sahibinden.secure-al.net/assets/images/fab-auto_6b007254f515ce28d1b7d11a086b94c2.html]
[sahibinden.secure-al.net/assets/images/fab-close_765fa54c4bd968f02f1373e5749b6de2.html]
[sahibinden.secure-al.net/assets/images/right-arrow-light_e19a26601dbe45bdc32c8540a2770d21.html]
[sahibinden.secure-al.net/assets/images/search_6d32b109b36b480b2034bd24f75aa3fd.html]
[sahibinden.secure-al.net/assets/images/search_2x_dbe5e1a2c54f7fb91e93114284afcac2.html]
[sahibinden.secure-al.net/assets/images/login_bd92e014ae1da3229ce7721b6dd7dab9.html]
[sahibinden.secure-al.net/assets/images/login_2x_684105e292aac5ea225b739d5a5bdc48.html]
[sahibinden.secure-al.net/assets/images/form2x_f1110de37cfc1ad6dda18c18adaf6759.html]
[sahibinden.secure-al.net/assets/images/real-estate-index-arrows_d6102358026ea81ee062a6ece064e6e1.html]
[sahibinden.secure-al.net/assets/images/chart-empty_9c7e3a22c50e717efdbef9e1ad082817.html]
[sahibinden.secure-al.net/assets/images/creditCards2x_ccdc9ac248bccccf64b4345e61521ad8.html]
[sahibinden.secure-al.net/assets/images/shared_group_f167082d7b2c3f519e12404a8cecb6f3.html]
[sahibinden.secure-al.net/assets/images/classifiedPriceHistory_1465ccee416dc83c79100199dfda32ac.html]
[sahibinden.secure-al.net/assets/images/classifiedPriceHistory_2x_caaa33b4daf9dc15aa9d52de6d32ae8b.html]
[sahibinden.secure-al.net/assets/images/poi_f8832fc7623470fc28f50bf4e3f43c91.html]
[sahibinden.secure-al.net/assets/images/poi_2x_24902dfaf0776ab73354bc222fec2107.html]
[sahibinden.secure-al.net/assets/images/safe_payment_d753325bc2395428d111c173bb4ec3aa.html]
[sahibinden.secure-al.net/assets/images/down_0d5dfc091b9d20b4fe96fe52d4b476bb.html]
[sahibinden.secure-al.net/assets/images/auto360_939f670f5cddb785fd6e0881d860d19a.html]
[sahibinden.secure-al.net/assets/images/auto360_2x_03e00397d2f390d78330ec4c645f6e13.html]
[sahibinden.secure-al.net/assets/images/commonToast_c02551e55a2e43ae9999db10d8ef9b6b.html]
[sahibinden.secure-al.net/assets/images/commonToast_2x_29d9ed300fac10fdd6a874dbc1365871.html]
[www.sahibinden.com/assets/images/classifiedDetail_5d9c9afcfc8805636343092e7beabf47.html]
[www.sahibinden.com/assets/images/classifiedDetail_2x_a8c96d1a7a6fca1b84fab90ee714e002.html]
[cdn.sift.com/s.js]
